… 基线（1 个 scope）
… tilt-detrend-needs-six-finite
✓ tilt-detrend-needs-six-finite    red           5 条变红
… tilt-detrend-is-second-order
✓ tilt-detrend-is-second-order     red           30 条变红
… tilt-dominance-needs-two-by-two-blocks
✓ tilt-dominance-needs-two-by-two-blocks red           4 条变红
… tilt-dominance-local-sigma-is-median
✓ tilt-dominance-local-sigma-is-median red           42 条变红
… tilt-dominance-zero-local-sigma-is-not-a-ratio
✓ tilt-dominance-zero-local-sigma-is-not-a-ratio red           1 条变红
… tilt-multiscale-tile-needs-two-blocks-per-side
✓ tilt-multiscale-tile-needs-two-blocks-per-side red           61 条变红
… tilt-multiscale-takes-the-max
✓ tilt-multiscale-takes-the-max    red           39 条变红
… tilt-step-gates-are-or-not-and
✓ tilt-step-gates-are-or-not-and   red           12 条变红
… tilt-segmenter-failure-is-fail-open
✓ tilt-segmenter-failure-is-fail-open red           1 条变红
… tilt-nan-gate-comes-before-geometry
✓ tilt-nan-gate-comes-before-geometry red           1 条变红
… tilt-frame-too-small-uses-the-short-side
✓ tilt-frame-too-small-uses-the-short-side red           1 条变红
… tilt-low-inliers-line-is-half
✓ tilt-low-inliers-line-is-half    red           3 条变红
… tilt-rotation-epsilon-is-one-nanodegree
✓ tilt-rotation-epsilon-is-one-nanodegree red           1 条变红
… tilt-slow-axis-is-never-trusted
✓ tilt-slow-axis-is-never-trusted  red           12 条变红
… tilt-resolution-needs-all-three-positive
✓ tilt-resolution-needs-all-three-positive red           2 条变红
… tilt-z-span-takes-degrees
✓ tilt-z-span-takes-degrees        red           18 条变红
… tiltcircle-min-points-is-eight
✓ tiltcircle-min-points-is-eight   red           1 条变红
… tiltcircle-drift-column-needs-finite-times
✓ tiltcircle-drift-column-needs-finite-times red           1 条变红
… tiltcircle-jump-is-measured-around-the-ring
✓ tiltcircle-jump-is-measured-around-the-ring red           6 条变红
… tiltcircle-veto-is-or-not-and
✓ tiltcircle-veto-is-or-not-and    red           2 条变红
… tiltcircle-downhill-points-down
✓ tiltcircle-downhill-points-down  red           23 条变红
… tilt-trigger-takes-the-smaller
✓ tilt-trigger-takes-the-smaller   red           18 条变红
… tilt-substeps-never-zero
✓ tilt-substeps-never-zero         red           3 条变红
… tilt-clamp-is-strict
✓ tilt-clamp-is-strict             red           1 条变红
… tilt-g-is-minus-m-inverse
✓ tilt-g-is-minus-m-inverse        red           5 条变红
… tilt-cond-uses-the-stable-form
✓ tilt-cond-uses-the-stable-form   red           3 条变红
… tilt-si-readable-keeps-the-prefix
✓ tilt-si-readable-keeps-the-prefix red           13 条变红
… tiltcal-refuses-when-there-is-no-sink
✓ tiltcal-refuses-when-there-is-no-sink red           2 条变红
… tiltcal-cond-line-is-closed
✓ tiltcal-cond-line-is-closed      red           2 条变红
… frametilt-reads-the-raw-block
✓ frametilt-reads-the-raw-block    red           1 条变红
… frametilt-check-steps-defaults-to-on
✓ frametilt-check-steps-defaults-to-on red           6 条变红
… frametilt-error-names-the-file
✓ frametilt-error-names-the-file   red           1 条变红
… tiltprobe-returns-to-the-start
✓ tiltprobe-returns-to-the-start   red           1 条变红
… tiltprobe-estimates-noise-once
✓ tiltprobe-estimates-noise-once   red           2 条变红
… tiltprobe-radius-is-clamped
✓ tiltprobe-radius-is-clamped      red           9 条变红
… tiltprobe-too-few-points-is-a-failure
✓ tiltprobe-too-few-points-is-a-failure red           1 条变红
… autotilt-refuses-without-calibration
✓ autotilt-refuses-without-calibration red           3 条变红
… autotilt-rolls-back-to-the-original
✓ autotilt-rolls-back-to-the-original red           1 条变红
… autotilt-soft-stop-does-not-move
✓ autotilt-soft-stop-does-not-move red           1 条变红
… autotilt-accept-cannot-be-below-resolution
✓ autotilt-accept-cannot-be-below-resolution red           2 条变红
… autotilt-zero-iterations-means-the-default
✓ autotilt-zero-iterations-means-the-default red           11 条变红
… tiltcalibrate-checks-response-magnitude
✓ tiltcalibrate-checks-response-magnitude red           1 条变红

42/42 变红
